// Jest Snapshot v1, https://goo.gl/fbAQLP

exports[`after gap 1`] = `
<div>
  ---
</div>
`;

exports[`after gap 2`] = `
<div>
  ---
</div>
`;

exports[`after gap 3`] = `
<div>
  ---
</div>
`;

exports[`after gap 4`] = `
<div>
  ---
</div>
`;

exports[`after gap 5`] = `
<div>
  ---
</div>
`;

exports[`after gap 6`] = `
<div>
  ---
</div>
`;

exports[`after gap 7`] = `
<div>
  ---
</div>
`;

exports[`after gap 8`] = `
<div>
  ---
</div>
`;

exports[`before gap 1`] = `
<div>
  ---
</div>
`;

exports[`before gap 2`] = `
<div>
  ---
</div>
`;

exports[`before gap 3`] = `
<div>
  ---
</div>
`;

exports[`before gap 4`] = `
<div>
  ---
</div>
`;

exports[`before gap 5`] = `
<div>
  ---
</div>
`;

exports[`before gap 6`] = `
<div>
  ---
</div>
`;

exports[`before gap 7`] = `
<div>
  ---
</div>
`;

exports[`before gap 8`] = `
<div>
  ---
</div>
`;
