// Jest Snapshot v1, https://goo.gl/fbAQLP

exports[`basic value 1`] = `
<div>
  <p>
    <b>
      ✖
    </b>
    <b>
      test string data
    </b>
    <b>
      123456789
    </b>
    <b>
      〇
    </b>
    <b>
      ✖
    </b>
    <b>
      〇
    </b>
    <b>
      ✖
    </b>
    <b>
      〇
    </b>
    <b>
      ✖
    </b>
    <b>
      ✖
    </b>
    <b>
      http://localhost/?data_b=&data_s=test%20string%20data&data_n=123456789&bits=l
    </b>
  </p>
</div>
`;

exports[`basic value 2`] = `
<div>
  <p>
    <b>
      ✖
    </b>
    <b>
      test string data
    </b>
    <b>
      123456789
    </b>
    <b>
      〇
    </b>
    <b>
      ✖
    </b>
    <b>
      〇
    </b>
    <b>
      ✖
    </b>
    <b>
      〇
    </b>
    <b>
      ✖
    </b>
    <b>
      ✖
    </b>
    <b>
      http://localhost/?data_b=&data_s=test%20string%20data&data_n=123456789&bits=l
    </b>
  </p>
</div>
`;

exports[`basic value 3`] = `<div />`;

exports[`basic value 4`] = `
Object {
  "bits": BitsData {
    "field": Bits {
      "idx": Object {
        "a": 0,
        "all": 1,
        "b": 1,
        "c": 2,
        "d": 3,
        "e": 4,
        "f": 5,
        "g": 6,
      },
      "labels": Array [
        "a",
        "b",
        "c",
        "d",
        "e",
        "f",
        "g",
        "all",
      ],
      "mask": 127,
      "nega": Object {
        "a": 126,
        "all": 0,
        "b": 125,
        "c": 123,
        "d": 119,
        "e": 111,
        "f": 95,
        "g": 63,
      },
      "posi": Object {
        "a": 1,
        "all": 127,
        "b": 2,
        "c": 4,
        "d": 8,
        "e": 16,
        "f": 32,
        "g": 64,
      },
    },
    "has": Object {
      "field": 0,
      "has": 0,
      "is": 0,
      "value": 0,
    },
    "is": Object {
      "field": false,
      "has": false,
      "is": false,
      "value": false,
    },
    "value": 21,
  },
  "data_b": false,
  "data_n": 123456789,
  "data_s": "test string data",
}
`;
